******************************************************************************
                  MSP430 Linker PC v4.4.2                      
******************************************************************************
>> Linked Sun Feb 08 23:51:12 2015

OUTPUT FILE NAME:   <tataMosfet v2.0.out>
ENTRY POINT SYMBOL: "_c_int00_noargs_noexit"  address: 0000879c


MEMORY CONFIGURATION

         name            origin    length      used     unused   attr    fill
----------------------  --------  ---------  --------  --------  ----  --------
  SFR                   00000000   00000010  00000000  00000010  RWIX
  PERIPHERALS_8BIT      00000010   000000f0  00000000  000000f0  RWIX
  PERIPHERALS_16BIT     00000100   00000100  00000000  00000100  RWIX
  RAM                   00000200   00000800  0000005a  000007a6  RWIX
  INFOA                 00001000   00000400  00000000  00000400  RWIX
  FLASH                 00008000   00007fe0  00000870  00007770  RWIX
  INT00                 0000ffe0   00000002  00000000  00000002  RWIX
  INT01                 0000ffe2   00000002  00000002  00000000  RWIX
  INT02                 0000ffe4   00000002  00000000  00000002  RWIX
  INT03                 0000ffe6   00000002  00000000  00000002  RWIX
  INT04                 0000ffe8   00000002  00000002  00000000  RWIX
  INT05                 0000ffea   00000002  00000002  00000000  RWIX
  INT06                 0000ffec   00000002  00000002  00000000  RWIX
  INT07                 0000ffee   00000002  00000002  00000000  RWIX
  INT08                 0000fff0   00000002  00000002  00000000  RWIX
  INT09                 0000fff2   00000002  00000002  00000000  RWIX
  INT10                 0000fff4   00000002  00000002  00000000  RWIX
  INT11                 0000fff6   00000002  00000002  00000000  RWIX
  INT12                 0000fff8   00000002  00000002  00000000  RWIX
  INT13                 0000fffa   00000002  00000002  00000000  RWIX
  INT14                 0000fffc   00000002  00000002  00000000  RWIX
  RESET                 0000fffe   00000002  00000002  00000000  RWIX


SECTION ALLOCATION MAP

 output                                  attributes/
section   page    origin      length       input sections
--------  ----  ----------  ----------   ----------------
.bss       0    00000200    00000008     UNINITIALIZED
                  00000200    00000004     (.common:TCouple)
                  00000204    00000004     (.common:TIntern)

.data      0    00000208    00000002     UNINITIALIZED
                  00000208    00000002     timer.obj (.data)

.stack     0    000009b0    00000050     UNINITIALIZED
                  000009b0    00000002     rts430_eabi.lib : boot.obj (.stack)
                  000009b2    0000004e     --HOLE--

.text      0    00008000    00000858     
                  00008000    00000130     rts430_eabi.lib : fs_add.obj (.text)
                  00008130    00000112     max31855.obj (.text:ThermoCoupleTemperature)
                  00008242    000000f6     max31855.obj (.text:InternalTemperature)
                  00008338    000000ae     timer.obj (.text:init_timer)
                  000083e6    0000007a     timer.obj (.text:Timer_A0)
                  00008460    00000064     rts430_eabi.lib : copy_decompress_rle.obj (.text:__TI_decompress_rle_core)
                  000084c4    00000058                     : autoinit.obj (.text:_auto_init)
                  0000851c    00000058     io.obj (.text:write_io)
                  00008574    0000004e     adc.obj (.text:SD24AISR)
                  000085c2    0000004c     rts430_eabi.lib : lsr16.obj (.text)
                  0000860e    00000046     adc.obj (.text:init_adc)
                  00008654    00000042     spi.obj (.text:spi_read)
                  00008696    00000036     rts430_eabi.lib : fs_itof.obj (.text)
                  000086cc    00000034     spi.obj (.text:init_spi)
                  00008700    0000002c     rts430_eabi.lib : asr16.obj (.text)
                  0000872c    00000028     timer.obj (.text:Timer_A1)
                  00008754    00000024     main.obj (.text:init)
                  00008778    00000024     rts430_eabi.lib : fs_utof.obj (.text)
                  0000879c    0000001a                     : boot_special.obj (.text:_c_int00_noargs_noexit)
                  000087b6    0000001a     main.obj (.text:task100ms)
                  000087d0    00000014     rts430_eabi.lib : copy_zero_init.obj (.text:decompress:ZI:__TI_zero_init)
                  000087e4    00000012                     : copy_decompress_none.obj (.text:decompress:none:__TI_decompress_none)
                  000087f6    00000012                     : memcpy.obj (.text:memcpy)
                  00008808    00000012     adc.obj (.text:start_adc)
                  0000881a    00000010     rts430_eabi.lib : epilog.obj (.text)
                  0000882a    0000000e     io.obj (.text:init_io)
                  00008838    0000000c     main.obj (.text:main)
                  00008844    00000006     rts430_eabi.lib : isr_trap.obj (.text:_isr:__TI_ISR_TRAP)
                  0000884a    00000006                     : copy_decompress_rle.obj (.text:decompress:rle24:__TI_decompress_rle24)
                  00008850    00000004                     : pre_init.obj (.text:_system_pre_init)
                  00008854    00000004                     : exit.obj (.text:abort)

.cinit     0    00008858    00000018     
                  00008858    00000006     (.cinit..data.load) [load image]
                  0000885e    00000006     (__TI_handler_table)
                  00008864    00000004     (.cinit..bss.load) [load image, compression = zero_init]
                  00008868    00000008     (__TI_cinit_table)

.init_array 
*          0    00008000    00000000     UNINITIALIZED

.TI.persistent 
*          0    00000208    00000000     UNINITIALIZED

PORT2      0    0000ffe2    00000002     
                  0000ffe2    00000002     rts430_eabi.lib : int01.obj (.int01)

PORT1      0    0000ffe8    00000002     
                  0000ffe8    00000002     rts430_eabi.lib : int04.obj (.int04)

TIMER0_A1 
*          0    0000ffea    00000002     
                  0000ffea    00000002     timer.obj (.int05)

TIMER0_A0 
*          0    0000ffec    00000002     
                  0000ffec    00000002     timer.obj (.int06)

SD24       0    0000ffee    00000002     
                  0000ffee    00000002     adc.obj (.int07)

USCI_B0    0    0000fff0    00000002     
                  0000fff0    00000002     rts430_eabi.lib : int08.obj (.int08)

USCI_A0    0    0000fff2    00000002     
                  0000fff2    00000002     rts430_eabi.lib : int09.obj (.int09)

WDT        0    0000fff4    00000002     
                  0000fff4    00000002     rts430_eabi.lib : int10.obj (.int10)

VMON       0    0000fff6    00000002     
                  0000fff6    00000002     rts430_eabi.lib : int11.obj (.int11)

TIMER1_A1 
*          0    0000fff8    00000002     
                  0000fff8    00000002     rts430_eabi.lib : int12.obj (.int12)

TIMER1_A0 
*          0    0000fffa    00000002     
                  0000fffa    00000002     rts430_eabi.lib : int13.obj (.int13)

NMI        0    0000fffc    00000002     
                  0000fffc    00000002     rts430_eabi.lib : int14.obj (.int14)

.reset     0    0000fffe    00000002     
                  0000fffe    00000002     rts430_eabi.lib : boot.obj (.reset)


LINKER GENERATED COPY TABLES

__TI_cinit_table @ 00008868 records: 2, size/record: 4, table size: 8
	.data: load addr=00008858, load size=00000006 bytes, run addr=00000208, run size=00000002 bytes, compression=copy
	.bss: load addr=00008864, load size=00000004 bytes, run addr=00000200, run size=00000008 bytes, compression=zero_init


LINKER GENERATED HANDLER TABLE

__TI_handler_table @ 0000885e records: 3, size/record: 2, table size: 6
	index: 0, handler: __TI_zero_init
	index: 1, handler: __TI_decompress_rle24
	index: 2, handler: __TI_decompress_none


GLOBAL SYMBOLS: SORTED ALPHABETICALLY BY Name 

address   name                    
-------   ----                    
00008854  C$$EXIT                 
00000050  CSCTL0                  
00000051  CSCTL1                  
00000054  CSERFCAL                
00000055  CSERTCAL                
00000052  CSIRFCAL                
00000053  CSIRTCAL                
00000128  FCTL1                   
0000012a  FCTL2                   
0000012c  FCTL3                   
00000000  IE1                     
00000002  IFG1                    
00008242  InternalTemperature     
00000060  LPM45CTL                
00000134  MAC                     
00000136  MACS                    
00000130  MPY                     
00000132  MPYS                    
00000138  OP2                     
0000001e  P1IV                    
0000002e  P2IV                    
00000014  PADIR                   
00000015  PADIR_H                 
00000014  PADIR_L                 
0000002a  PAIE                    
00000028  PAIES                   
00000029  PAIES_H                 
00000028  PAIES_L                 
0000002b  PAIE_H                  
0000002a  PAIE_L                  
0000002c  PAIFG                   
0000002d  PAIFG_H                 
0000002c  PAIFG_L                 
00000010  PAIN                    
00000011  PAIN_H                  
00000010  PAIN_L                  
00000012  PAOUT                   
00000013  PAOUT_H                 
00000012  PAOUT_L                 
0000001a  PASEL0                  
0000001b  PASEL0_H                
0000001a  PASEL0_L                
0000001c  PASEL1                  
0000001d  PASEL1_H                
0000001c  PASEL1_L                
00000062  REFCAL0                 
00000063  REFCAL1                 
0000013c  RESHI                   
0000013a  RESLO                   
00008574  SD24AISR                
00000102  SD24CCTL0               
00000104  SD24CCTL1               
00000106  SD24CCTL2               
00000108  SD24CCTL3               
00000100  SD24CTL                 
000000b0  SD24INCTL0              
000000b1  SD24INCTL1              
000000b2  SD24INCTL2              
000000b3  SD24INCTL3              
000001f0  SD24IV                  
00000110  SD24MEM0                
00000112  SD24MEM1                
00000114  SD24MEM2                
00000116  SD24MEM3                
000000b8  SD24PRE0                
000000b9  SD24PRE1                
000000ba  SD24PRE2                
000000bb  SD24PRE3                
000000bf  SD24TRIM                
0000013e  SUMEXT                  
000001fe  SYSJTAGDIS              
00000172  TA0CCR0                 
00000174  TA0CCR1                 
00000176  TA0CCR2                 
00000162  TA0CCTL0                
00000164  TA0CCTL1                
00000166  TA0CCTL2                
00000160  TA0CTL                  
0000012e  TA0IV                   
00000170  TA0R                    
00000192  TA1CCR0                 
00000194  TA1CCR1                 
00000196  TA1CCR2                 
00000182  TA1CCTL0                
00000184  TA1CCTL1                
00000186  TA1CCTL2                
00000180  TA1CTL                  
0000011e  TA1IV                   
00000190  TA1R                    
00000200  TCouple                 
00000204  TIntern                 
00008130  ThermoCoupleTemperature 
000083e6  Timer_A0                
0000872c  Timer_A1                
00000150  UCA0ABCTL               
00000146  UCA0BRW                 
00000147  UCA0BRW_H               
00000146  UCA0BRW_L               
00000140  UCA0CTLW0               
00000141  UCA0CTLW0_H             
00000140  UCA0CTLW0_L             
00000142  UCA0CTLW1               
00000143  UCA0CTLW1_H             
00000142  UCA0CTLW1_L             
0000015a  UCA0IE                  
0000015b  UCA0IE_H                
0000015a  UCA0IE_L                
0000015c  UCA0IFG                 
0000015d  UCA0IFG_H               
0000015c  UCA0IFG_L               
00000152  UCA0IRCTL               
00000153  UCA0IRCTL_H             
00000152  UCA0IRCTL_L             
0000015e  UCA0IV                  
00000148  UCA0MCTLW               
00000149  UCA0MCTLW_H             
00000148  UCA0MCTLW_L             
0000014c  UCA0RXBUF               
0000014d  UCA0RXBUF_H             
0000014c  UCA0RXBUF_L             
0000014a  UCA0STATW               
0000014e  UCA0TXBUF               
0000014f  UCA0TXBUF_H             
0000014e  UCA0TXBUF_L             
000001de  UCB0ADDMASK             
000001df  UCB0ADDMASK_H           
000001de  UCB0ADDMASK_L           
000001dc  UCB0ADDRX               
000001dd  UCB0ADDRX_H             
000001dc  UCB0ADDRX_L             
000001c6  UCB0BRW                 
000001c7  UCB0BRW_H               
000001c6  UCB0BRW_L               
000001c0  UCB0CTLW0               
000001c1  UCB0CTLW0_H             
000001c0  UCB0CTLW0_L             
000001c2  UCB0CTLW1               
000001c3  UCB0CTLW1_H             
000001c2  UCB0CTLW1_L             
000001d4  UCB0I2COA0              
000001d5  UCB0I2COA0_H            
000001d4  UCB0I2COA0_L            
000001d6  UCB0I2COA1              
000001d7  UCB0I2COA1_H            
000001d6  UCB0I2COA1_L            
000001d8  UCB0I2COA2              
000001d9  UCB0I2COA2_H            
000001d8  UCB0I2COA2_L            
000001da  UCB0I2COA3              
000001db  UCB0I2COA3_H            
000001da  UCB0I2COA3_L            
000001e0  UCB0I2CSA               
000001e1  UCB0I2CSA_H             
000001e0  UCB0I2CSA_L             
000001ea  UCB0IE                  
000001eb  UCB0IE_H                
000001ea  UCB0IE_L                
000001ec  UCB0IFG                 
000001ed  UCB0IFG_H               
000001ec  UCB0IFG_L               
000001ee  UCB0IV                  
000001cc  UCB0RXBUF               
000001cd  UCB0RXBUF_H             
000001cc  UCB0RXBUF_L             
000001c8  UCB0STATW               
000001c9  UCB0STATW_H             
000001c8  UCB0STATW_L             
000001ca  UCB0TBCNT               
000001cb  UCB0TBCNT_H             
000001ca  UCB0TBCNT_L             
000001ce  UCB0TXBUF               
000001cf  UCB0TXBUF_H             
000001ce  UCB0TXBUF_L             
00000061  VMONCTL                 
00000120  WDTCTL                  
00000a00  __STACK_END             
00000050  __STACK_SIZE            
00008868  __TI_CINIT_Base         
00008870  __TI_CINIT_Limit        
0000885e  __TI_Handler_Table_Base 
00008864  __TI_Handler_Table_Limit
UNDEFED   __TI_INITARRAY_Base     
UNDEFED   __TI_INITARRAY_Limit    
00008844  __TI_ISR_TRAP           
000087e4  __TI_decompress_none    
0000884a  __TI_decompress_rle24   
0000ffe2  __TI_int01              
0000ffe8  __TI_int04              
0000ffea  __TI_int05              
0000ffec  __TI_int06              
0000ffee  __TI_int07              
0000fff0  __TI_int08              
0000fff2  __TI_int09              
0000fff4  __TI_int10              
0000fff6  __TI_int11              
0000fff8  __TI_int12              
0000fffa  __TI_int13              
0000fffc  __TI_int14              
000087d0  __TI_zero_init          
ffffffff  __binit__               
ffffffff  __c_args__              
00008006  __mspabi_addf           
00008696  __mspabi_fltif          
00008778  __mspabi_fltuf          
00008826  __mspabi_func_epilog_1  
00008824  __mspabi_func_epilog_2  
00008822  __mspabi_func_epilog_3  
00008820  __mspabi_func_epilog_4  
0000881e  __mspabi_func_epilog_5  
0000881c  __mspabi_func_epilog_6  
0000881a  __mspabi_func_epilog_7  
00008700  __mspabi_srai           
00008728  __mspabi_srai_1         
00008716  __mspabi_srai_10        
00008714  __mspabi_srai_11        
00008712  __mspabi_srai_12        
00008710  __mspabi_srai_13        
0000870e  __mspabi_srai_14        
0000870c  __mspabi_srai_15        
00008726  __mspabi_srai_2         
00008724  __mspabi_srai_3         
00008722  __mspabi_srai_4         
00008720  __mspabi_srai_5         
0000871e  __mspabi_srai_6         
0000871c  __mspabi_srai_7         
0000871a  __mspabi_srai_8         
00008718  __mspabi_srai_9         
000085c2  __mspabi_srli           
00008608  __mspabi_srli_1         
000085e4  __mspabi_srli_10        
000085e0  __mspabi_srli_11        
000085dc  __mspabi_srli_12        
000085d8  __mspabi_srli_13        
000085d4  __mspabi_srli_14        
000085d0  __mspabi_srli_15        
00008604  __mspabi_srli_2         
00008600  __mspabi_srli_3         
000085fc  __mspabi_srli_4         
000085f8  __mspabi_srli_5         
000085f4  __mspabi_srli_6         
000085f0  __mspabi_srli_7         
000085ec  __mspabi_srli_8         
000085e8  __mspabi_srli_9         
00008000  __mspabi_subf           
000084c4  _auto_init              
0000879c  _c_int00_noargs_noexit  
0000fffe  _reset_vector           
000009b0  _stack                  
00008850  _system_pre_init        
00008854  abort                   
ffffffff  binit                   
00008754  init                    
0000860e  init_adc                
0000882a  init_io                 
000086cc  init_spi                
00008338  init_timer              
00008838  main                    
000087f6  memcpy                  
00008654  spi_read                
00008808  start_adc               
000087b6  task100ms               
0000851c  write_io                


GLOBAL SYMBOLS: SORTED BY Symbol Address 

address   name                    
-------   ----                    
00000000  IE1                     
00000002  IFG1                    
00000010  PAIN                    
00000010  PAIN_L                  
00000011  PAIN_H                  
00000012  PAOUT                   
00000012  PAOUT_L                 
00000013  PAOUT_H                 
00000014  PADIR                   
00000014  PADIR_L                 
00000015  PADIR_H                 
0000001a  PASEL0                  
0000001a  PASEL0_L                
0000001b  PASEL0_H                
0000001c  PASEL1                  
0000001c  PASEL1_L                
0000001d  PASEL1_H                
0000001e  P1IV                    
00000028  PAIES                   
00000028  PAIES_L                 
00000029  PAIES_H                 
0000002a  PAIE                    
0000002a  PAIE_L                  
0000002b  PAIE_H                  
0000002c  PAIFG                   
0000002c  PAIFG_L                 
0000002d  PAIFG_H                 
0000002e  P2IV                    
00000050  CSCTL0                  
00000050  __STACK_SIZE            
00000051  CSCTL1                  
00000052  CSIRFCAL                
00000053  CSIRTCAL                
00000054  CSERFCAL                
00000055  CSERTCAL                
00000060  LPM45CTL                
00000061  VMONCTL                 
00000062  REFCAL0                 
00000063  REFCAL1                 
000000b0  SD24INCTL0              
000000b1  SD24INCTL1              
000000b2  SD24INCTL2              
000000b3  SD24INCTL3              
000000b8  SD24PRE0                
000000b9  SD24PRE1                
000000ba  SD24PRE2                
000000bb  SD24PRE3                
000000bf  SD24TRIM                
00000100  SD24CTL                 
00000102  SD24CCTL0               
00000104  SD24CCTL1               
00000106  SD24CCTL2               
00000108  SD24CCTL3               
00000110  SD24MEM0                
00000112  SD24MEM1                
00000114  SD24MEM2                
00000116  SD24MEM3                
0000011e  TA1IV                   
00000120  WDTCTL                  
00000128  FCTL1                   
0000012a  FCTL2                   
0000012c  FCTL3                   
0000012e  TA0IV                   
00000130  MPY                     
00000132  MPYS                    
00000134  MAC                     
00000136  MACS                    
00000138  OP2                     
0000013a  RESLO                   
0000013c  RESHI                   
0000013e  SUMEXT                  
00000140  UCA0CTLW0               
00000140  UCA0CTLW0_L             
00000141  UCA0CTLW0_H             
00000142  UCA0CTLW1               
00000142  UCA0CTLW1_L             
00000143  UCA0CTLW1_H             
00000146  UCA0BRW                 
00000146  UCA0BRW_L               
00000147  UCA0BRW_H               
00000148  UCA0MCTLW               
00000148  UCA0MCTLW_L             
00000149  UCA0MCTLW_H             
0000014a  UCA0STATW               
0000014c  UCA0RXBUF               
0000014c  UCA0RXBUF_L             
0000014d  UCA0RXBUF_H             
0000014e  UCA0TXBUF               
0000014e  UCA0TXBUF_L             
0000014f  UCA0TXBUF_H             
00000150  UCA0ABCTL               
00000152  UCA0IRCTL               
00000152  UCA0IRCTL_L             
00000153  UCA0IRCTL_H             
0000015a  UCA0IE                  
0000015a  UCA0IE_L                
0000015b  UCA0IE_H                
0000015c  UCA0IFG                 
0000015c  UCA0IFG_L               
0000015d  UCA0IFG_H               
0000015e  UCA0IV                  
00000160  TA0CTL                  
00000162  TA0CCTL0                
00000164  TA0CCTL1                
00000166  TA0CCTL2                
00000170  TA0R                    
00000172  TA0CCR0                 
00000174  TA0CCR1                 
00000176  TA0CCR2                 
00000180  TA1CTL                  
00000182  TA1CCTL0                
00000184  TA1CCTL1                
00000186  TA1CCTL2                
00000190  TA1R                    
00000192  TA1CCR0                 
00000194  TA1CCR1                 
00000196  TA1CCR2                 
000001c0  UCB0CTLW0               
000001c0  UCB0CTLW0_L             
000001c1  UCB0CTLW0_H             
000001c2  UCB0CTLW1               
000001c2  UCB0CTLW1_L             
000001c3  UCB0CTLW1_H             
000001c6  UCB0BRW                 
000001c6  UCB0BRW_L               
000001c7  UCB0BRW_H               
000001c8  UCB0STATW               
000001c8  UCB0STATW_L             
000001c9  UCB0STATW_H             
000001ca  UCB0TBCNT               
000001ca  UCB0TBCNT_L             
000001cb  UCB0TBCNT_H             
000001cc  UCB0RXBUF               
000001cc  UCB0RXBUF_L             
000001cd  UCB0RXBUF_H             
000001ce  UCB0TXBUF               
000001ce  UCB0TXBUF_L             
000001cf  UCB0TXBUF_H             
000001d4  UCB0I2COA0              
000001d4  UCB0I2COA0_L            
000001d5  UCB0I2COA0_H            
000001d6  UCB0I2COA1              
000001d6  UCB0I2COA1_L            
000001d7  UCB0I2COA1_H            
000001d8  UCB0I2COA2              
000001d8  UCB0I2COA2_L            
000001d9  UCB0I2COA2_H            
000001da  UCB0I2COA3              
000001da  UCB0I2COA3_L            
000001db  UCB0I2COA3_H            
000001dc  UCB0ADDRX               
000001dc  UCB0ADDRX_L             
000001dd  UCB0ADDRX_H             
000001de  UCB0ADDMASK             
000001de  UCB0ADDMASK_L           
000001df  UCB0ADDMASK_H           
000001e0  UCB0I2CSA               
000001e0  UCB0I2CSA_L             
000001e1  UCB0I2CSA_H             
000001ea  UCB0IE                  
000001ea  UCB0IE_L                
000001eb  UCB0IE_H                
000001ec  UCB0IFG                 
000001ec  UCB0IFG_L               
000001ed  UCB0IFG_H               
000001ee  UCB0IV                  
000001f0  SD24IV                  
000001fe  SYSJTAGDIS              
00000200  TCouple                 
00000204  TIntern                 
000009b0  _stack                  
00000a00  __STACK_END             
00008000  __mspabi_subf           
00008006  __mspabi_addf           
00008130  ThermoCoupleTemperature 
00008242  InternalTemperature     
00008338  init_timer              
000083e6  Timer_A0                
000084c4  _auto_init              
0000851c  write_io                
00008574  SD24AISR                
000085c2  __mspabi_srli           
000085d0  __mspabi_srli_15        
000085d4  __mspabi_srli_14        
000085d8  __mspabi_srli_13        
000085dc  __mspabi_srli_12        
000085e0  __mspabi_srli_11        
000085e4  __mspabi_srli_10        
000085e8  __mspabi_srli_9         
000085ec  __mspabi_srli_8         
000085f0  __mspabi_srli_7         
000085f4  __mspabi_srli_6         
000085f8  __mspabi_srli_5         
000085fc  __mspabi_srli_4         
00008600  __mspabi_srli_3         
00008604  __mspabi_srli_2         
00008608  __mspabi_srli_1         
0000860e  init_adc                
00008654  spi_read                
00008696  __mspabi_fltif          
000086cc  init_spi                
00008700  __mspabi_srai           
0000870c  __mspabi_srai_15        
0000870e  __mspabi_srai_14        
00008710  __mspabi_srai_13        
00008712  __mspabi_srai_12        
00008714  __mspabi_srai_11        
00008716  __mspabi_srai_10        
00008718  __mspabi_srai_9         
0000871a  __mspabi_srai_8         
0000871c  __mspabi_srai_7         
0000871e  __mspabi_srai_6         
00008720  __mspabi_srai_5         
00008722  __mspabi_srai_4         
00008724  __mspabi_srai_3         
00008726  __mspabi_srai_2         
00008728  __mspabi_srai_1         
0000872c  Timer_A1                
00008754  init                    
00008778  __mspabi_fltuf          
0000879c  _c_int00_noargs_noexit  
000087b6  task100ms               
000087d0  __TI_zero_init          
000087e4  __TI_decompress_none    
000087f6  memcpy                  
00008808  start_adc               
0000881a  __mspabi_func_epilog_7  
0000881c  __mspabi_func_epilog_6  
0000881e  __mspabi_func_epilog_5  
00008820  __mspabi_func_epilog_4  
00008822  __mspabi_func_epilog_3  
00008824  __mspabi_func_epilog_2  
00008826  __mspabi_func_epilog_1  
0000882a  init_io                 
00008838  main                    
00008844  __TI_ISR_TRAP           
0000884a  __TI_decompress_rle24   
00008850  _system_pre_init        
00008854  C$$EXIT                 
00008854  abort                   
0000885e  __TI_Handler_Table_Base 
00008864  __TI_Handler_Table_Limit
00008868  __TI_CINIT_Base         
00008870  __TI_CINIT_Limit        
0000ffe2  __TI_int01              
0000ffe8  __TI_int04              
0000ffea  __TI_int05              
0000ffec  __TI_int06              
0000ffee  __TI_int07              
0000fff0  __TI_int08              
0000fff2  __TI_int09              
0000fff4  __TI_int10              
0000fff6  __TI_int11              
0000fff8  __TI_int12              
0000fffa  __TI_int13              
0000fffc  __TI_int14              
0000fffe  _reset_vector           
ffffffff  __binit__               
ffffffff  __c_args__              
ffffffff  binit                   
UNDEFED   __TI_INITARRAY_Base     
UNDEFED   __TI_INITARRAY_Limit    

[262 symbols]
