******************************************************************************
                  MSP430 Linker PC v4.4.2                      
******************************************************************************
>> Linked Thu Feb 05 00:22:06 2015

OUTPUT FILE NAME:   <tataMosfet v2.0.out>
ENTRY POINT SYMBOL: "_c_int00_noargs_noexit"  address: 00008602


MEMORY CONFIGURATION

         name            origin    length      used     unused   attr    fill
----------------------  --------  ---------  --------  --------  ----  --------
  SFR                   00000000   00000010  00000000  00000010  RWIX
  PERIPHERALS_8BIT      00000010   000000f0  00000000  000000f0  RWIX
  PERIPHERALS_16BIT     00000100   00000100  00000000  00000100  RWIX
  RAM                   00000200   00000800  0000005a  000007a6  RWIX
  INFOA                 00001000   00000400  00000000  00000400  RWIX
  FLASH                 00008000   00007fe0  000006b0  00007930  RWIX
  INT00                 0000ffe0   00000002  00000000  00000002  RWIX
  INT01                 0000ffe2   00000002  00000002  00000000  RWIX
  INT02                 0000ffe4   00000002  00000000  00000002  RWIX
  INT03                 0000ffe6   00000002  00000000  00000002  RWIX
  INT04                 0000ffe8   00000002  00000002  00000000  RWIX
  INT05                 0000ffea   00000002  00000002  00000000  RWIX
  INT06                 0000ffec   00000002  00000002  00000000  RWIX
  INT07                 0000ffee   00000002  00000002  00000000  RWIX
  INT08                 0000fff0   00000002  00000002  00000000  RWIX
  INT09                 0000fff2   00000002  00000002  00000000  RWIX
  INT10                 0000fff4   00000002  00000002  00000000  RWIX
  INT11                 0000fff6   00000002  00000002  00000000  RWIX
  INT12                 0000fff8   00000002  00000002  00000000  RWIX
  INT13                 0000fffa   00000002  00000002  00000000  RWIX
  INT14                 0000fffc   00000002  00000002  00000000  RWIX
  RESET                 0000fffe   00000002  00000002  00000000  RWIX


SECTION ALLOCATION MAP

 output                                  attributes/
section   page    origin      length       input sections
--------  ----  ----------  ----------   ----------------
.bss       0    00000200    00000008     UNINITIALIZED
                  00000200    00000004     (.common:TCouple)
                  00000204    00000004     (.common:TIntern)

.data      0    00000208    00000002     UNINITIALIZED
                  00000208    00000002     timer.obj (.data)

.stack     0    000009b0    00000050     UNINITIALIZED
                  000009b0    00000002     rts430_eabi.lib : boot.obj (.stack)
                  000009b2    0000004e     --HOLE--

.text      0    00008000    00000698     
                  00008000    00000130     rts430_eabi.lib : fs_add.obj (.text)
                  00008130    00000094     max31855.obj (.text:ThermoCoupleTemperature)
                  000081c4    00000090     timer.obj (.text:init_timer)
                  00008254    00000088     max31855.obj (.text:InternalTemperature)
                  000082dc    0000007a     timer.obj (.text:Timer_A0)
                  00008356    00000064     rts430_eabi.lib : copy_decompress_rle.obj (.text:__TI_decompress_rle_core)
                  000083ba    00000058                     : autoinit.obj (.text:_auto_init)
                  00008412    0000004c                     : lsr16.obj (.text)
                  0000845e    00000044     adc.obj (.text:SD24AISR)
                  000084a2    00000042     adc.obj (.text:init_adc)
                  000084e4    00000040     io.obj (.text:write_io)
                  00008524    00000030     spi.obj (.text:init_spi)
                  00008554    00000030     spi.obj (.text:spi_read)
                  00008584    00000024     main.obj (.text:main)
                  000085a8    00000024     rts430_eabi.lib : fs_utof.obj (.text)
                  000085cc    0000001c     main.obj (.text:task100ms)
                  000085e8    0000001a     timer.obj (.text:Timer_A1)
                  00008602    0000001a     rts430_eabi.lib : boot_special.obj (.text:_c_int00_noargs_noexit)
                  0000861c    00000014                     : copy_zero_init.obj (.text:decompress:ZI:__TI_zero_init)
                  00008630    00000012                     : copy_decompress_none.obj (.text:decompress:none:__TI_decompress_none)
                  00008642    00000012                     : memcpy.obj (.text:memcpy)
                  00008654    00000012     adc.obj (.text:start_adc)
                  00008666    00000010     rts430_eabi.lib : epilog.obj (.text)
                  00008676    0000000e     io.obj (.text:init_io)
                  00008684    00000006     rts430_eabi.lib : isr_trap.obj (.text:_isr:__TI_ISR_TRAP)
                  0000868a    00000006                     : copy_decompress_rle.obj (.text:decompress:rle24:__TI_decompress_rle24)
                  00008690    00000004                     : pre_init.obj (.text:_system_pre_init)
                  00008694    00000004                     : exit.obj (.text:abort)

.cinit     0    00008698    00000018     
                  00008698    00000006     (.cinit..data.load) [load image]
                  0000869e    00000006     (__TI_handler_table)
                  000086a4    00000004     (.cinit..bss.load) [load image, compression = zero_init]
                  000086a8    00000008     (__TI_cinit_table)

.init_array 
*          0    00008000    00000000     UNINITIALIZED

.TI.persistent 
*          0    00000208    00000000     UNINITIALIZED

PORT2      0    0000ffe2    00000002     
                  0000ffe2    00000002     rts430_eabi.lib : int01.obj (.int01)

PORT1      0    0000ffe8    00000002     
                  0000ffe8    00000002     rts430_eabi.lib : int04.obj (.int04)

TIMER0_A1 
*          0    0000ffea    00000002     
                  0000ffea    00000002     timer.obj (.int05)

TIMER0_A0 
*          0    0000ffec    00000002     
                  0000ffec    00000002     timer.obj (.int06)

SD24       0    0000ffee    00000002     
                  0000ffee    00000002     adc.obj (.int07)

USCI_B0    0    0000fff0    00000002     
                  0000fff0    00000002     rts430_eabi.lib : int08.obj (.int08)

USCI_A0    0    0000fff2    00000002     
                  0000fff2    00000002     rts430_eabi.lib : int09.obj (.int09)

WDT        0    0000fff4    00000002     
                  0000fff4    00000002     rts430_eabi.lib : int10.obj (.int10)

VMON       0    0000fff6    00000002     
                  0000fff6    00000002     rts430_eabi.lib : int11.obj (.int11)

TIMER1_A1 
*          0    0000fff8    00000002     
                  0000fff8    00000002     rts430_eabi.lib : int12.obj (.int12)

TIMER1_A0 
*          0    0000fffa    00000002     
                  0000fffa    00000002     rts430_eabi.lib : int13.obj (.int13)

NMI        0    0000fffc    00000002     
                  0000fffc    00000002     rts430_eabi.lib : int14.obj (.int14)

.reset     0    0000fffe    00000002     
                  0000fffe    00000002     rts430_eabi.lib : boot.obj (.reset)


LINKER GENERATED COPY TABLES

__TI_cinit_table @ 000086a8 records: 2, size/record: 4, table size: 8
	.data: load addr=00008698, load size=00000006 bytes, run addr=00000208, run size=00000002 bytes, compression=copy
	.bss: load addr=000086a4, load size=00000004 bytes, run addr=00000200, run size=00000008 bytes, compression=zero_init


LINKER GENERATED HANDLER TABLE

__TI_handler_table @ 0000869e records: 3, size/record: 2, table size: 6
	index: 0, handler: __TI_zero_init
	index: 1, handler: __TI_decompress_rle24
	index: 2, handler: __TI_decompress_none


GLOBAL SYMBOLS: SORTED ALPHABETICALLY BY Name 

address   name                    
-------   ----                    
00008694  C$$EXIT                 
00000050  CSCTL0                  
00000051  CSCTL1                  
00000054  CSERFCAL                
00000055  CSERTCAL                
00000052  CSIRFCAL                
00000053  CSIRTCAL                
00000128  FCTL1                   
0000012a  FCTL2                   
0000012c  FCTL3                   
00000000  IE1                     
00000002  IFG1                    
00008254  InternalTemperature     
00000060  LPM45CTL                
00000134  MAC                     
00000136  MACS                    
00000130  MPY                     
00000132  MPYS                    
00000138  OP2                     
0000001e  P1IV                    
0000002e  P2IV                    
00000014  PADIR                   
00000015  PADIR_H                 
00000014  PADIR_L                 
0000002a  PAIE                    
00000028  PAIES                   
00000029  PAIES_H                 
00000028  PAIES_L                 
0000002b  PAIE_H                  
0000002a  PAIE_L                  
0000002c  PAIFG                   
0000002d  PAIFG_H                 
0000002c  PAIFG_L                 
00000010  PAIN                    
00000011  PAIN_H                  
00000010  PAIN_L                  
00000012  PAOUT                   
00000013  PAOUT_H                 
00000012  PAOUT_L                 
0000001a  PASEL0                  
0000001b  PASEL0_H                
0000001a  PASEL0_L                
0000001c  PASEL1                  
0000001d  PASEL1_H                
0000001c  PASEL1_L                
00000062  REFCAL0                 
00000063  REFCAL1                 
0000013c  RESHI                   
0000013a  RESLO                   
0000845e  SD24AISR                
00000102  SD24CCTL0               
00000104  SD24CCTL1               
00000106  SD24CCTL2               
00000108  SD24CCTL3               
00000100  SD24CTL                 
000000b0  SD24INCTL0              
000000b1  SD24INCTL1              
000000b2  SD24INCTL2              
000000b3  SD24INCTL3              
000001f0  SD24IV                  
00000110  SD24MEM0                
00000112  SD24MEM1                
00000114  SD24MEM2                
00000116  SD24MEM3                
000000b8  SD24PRE0                
000000b9  SD24PRE1                
000000ba  SD24PRE2                
000000bb  SD24PRE3                
000000bf  SD24TRIM                
0000013e  SUMEXT                  
000001fe  SYSJTAGDIS              
00000172  TA0CCR0                 
00000174  TA0CCR1                 
00000176  TA0CCR2                 
00000162  TA0CCTL0                
00000164  TA0CCTL1                
00000166  TA0CCTL2                
00000160  TA0CTL                  
0000012e  TA0IV                   
00000170  TA0R                    
00000192  TA1CCR0                 
00000194  TA1CCR1                 
00000196  TA1CCR2                 
00000182  TA1CCTL0                
00000184  TA1CCTL1                
00000186  TA1CCTL2                
00000180  TA1CTL                  
0000011e  TA1IV                   
00000190  TA1R                    
00000200  TCouple                 
00000204  TIntern                 
00008130  ThermoCoupleTemperature 
000082dc  Timer_A0                
000085e8  Timer_A1                
00000150  UCA0ABCTL               
00000146  UCA0BRW                 
00000147  UCA0BRW_H               
00000146  UCA0BRW_L               
00000140  UCA0CTLW0               
00000141  UCA0CTLW0_H             
00000140  UCA0CTLW0_L             
00000142  UCA0CTLW1               
00000143  UCA0CTLW1_H             
00000142  UCA0CTLW1_L             
0000015a  UCA0IE                  
0000015b  UCA0IE_H                
0000015a  UCA0IE_L                
0000015c  UCA0IFG                 
0000015d  UCA0IFG_H               
0000015c  UCA0IFG_L               
00000152  UCA0IRCTL               
00000153  UCA0IRCTL_H             
00000152  UCA0IRCTL_L             
0000015e  UCA0IV                  
00000148  UCA0MCTLW               
00000149  UCA0MCTLW_H             
00000148  UCA0MCTLW_L             
0000014c  UCA0RXBUF               
0000014d  UCA0RXBUF_H             
0000014c  UCA0RXBUF_L             
0000014a  UCA0STATW               
0000014e  UCA0TXBUF               
0000014f  UCA0TXBUF_H             
0000014e  UCA0TXBUF_L             
000001de  UCB0ADDMASK             
000001df  UCB0ADDMASK_H           
000001de  UCB0ADDMASK_L           
000001dc  UCB0ADDRX               
000001dd  UCB0ADDRX_H             
000001dc  UCB0ADDRX_L             
000001c6  UCB0BRW                 
000001c7  UCB0BRW_H               
000001c6  UCB0BRW_L               
000001c0  UCB0CTLW0               
000001c1  UCB0CTLW0_H             
000001c0  UCB0CTLW0_L             
000001c2  UCB0CTLW1               
000001c3  UCB0CTLW1_H             
000001c2  UCB0CTLW1_L             
000001d4  UCB0I2COA0              
000001d5  UCB0I2COA0_H            
000001d4  UCB0I2COA0_L            
000001d6  UCB0I2COA1              
000001d7  UCB0I2COA1_H            
000001d6  UCB0I2COA1_L            
000001d8  UCB0I2COA2              
000001d9  UCB0I2COA2_H            
000001d8  UCB0I2COA2_L            
000001da  UCB0I2COA3              
000001db  UCB0I2COA3_H            
000001da  UCB0I2COA3_L            
000001e0  UCB0I2CSA               
000001e1  UCB0I2CSA_H             
000001e0  UCB0I2CSA_L             
000001ea  UCB0IE                  
000001eb  UCB0IE_H                
000001ea  UCB0IE_L                
000001ec  UCB0IFG                 
000001ed  UCB0IFG_H               
000001ec  UCB0IFG_L               
000001ee  UCB0IV                  
000001cc  UCB0RXBUF               
000001cd  UCB0RXBUF_H             
000001cc  UCB0RXBUF_L             
000001c8  UCB0STATW               
000001c9  UCB0STATW_H             
000001c8  UCB0STATW_L             
000001ca  UCB0TBCNT               
000001cb  UCB0TBCNT_H             
000001ca  UCB0TBCNT_L             
000001ce  UCB0TXBUF               
000001cf  UCB0TXBUF_H             
000001ce  UCB0TXBUF_L             
00000061  VMONCTL                 
00000120  WDTCTL                  
00000a00  __STACK_END             
00000050  __STACK_SIZE            
000086a8  __TI_CINIT_Base         
000086b0  __TI_CINIT_Limit        
0000869e  __TI_Handler_Table_Base 
000086a4  __TI_Handler_Table_Limit
UNDEFED   __TI_INITARRAY_Base     
UNDEFED   __TI_INITARRAY_Limit    
00008684  __TI_ISR_TRAP           
00008630  __TI_decompress_none    
0000868a  __TI_decompress_rle24   
0000ffe2  __TI_int01              
0000ffe8  __TI_int04              
0000ffea  __TI_int05              
0000ffec  __TI_int06              
0000ffee  __TI_int07              
0000fff0  __TI_int08              
0000fff2  __TI_int09              
0000fff4  __TI_int10              
0000fff6  __TI_int11              
0000fff8  __TI_int12              
0000fffa  __TI_int13              
0000fffc  __TI_int14              
0000861c  __TI_zero_init          
ffffffff  __binit__               
ffffffff  __c_args__              
00008006  __mspabi_addf           
000085a8  __mspabi_fltuf          
00008672  __mspabi_func_epilog_1  
00008670  __mspabi_func_epilog_2  
0000866e  __mspabi_func_epilog_3  
0000866c  __mspabi_func_epilog_4  
0000866a  __mspabi_func_epilog_5  
00008668  __mspabi_func_epilog_6  
00008666  __mspabi_func_epilog_7  
00008412  __mspabi_srli           
00008458  __mspabi_srli_1         
00008434  __mspabi_srli_10        
00008430  __mspabi_srli_11        
0000842c  __mspabi_srli_12        
00008428  __mspabi_srli_13        
00008424  __mspabi_srli_14        
00008420  __mspabi_srli_15        
00008454  __mspabi_srli_2         
00008450  __mspabi_srli_3         
0000844c  __mspabi_srli_4         
00008448  __mspabi_srli_5         
00008444  __mspabi_srli_6         
00008440  __mspabi_srli_7         
0000843c  __mspabi_srli_8         
00008438  __mspabi_srli_9         
00008000  __mspabi_subf           
000083ba  _auto_init              
00008602  _c_int00_noargs_noexit  
0000fffe  _reset_vector           
000009b0  _stack                  
00008690  _system_pre_init        
00008694  abort                   
ffffffff  binit                   
000084a2  init_adc                
00008676  init_io                 
00008524  init_spi                
000081c4  init_timer              
00008584  main                    
00008642  memcpy                  
00008554  spi_read                
00008654  start_adc               
000085cc  task100ms               
000084e4  write_io                


GLOBAL SYMBOLS: SORTED BY Symbol Address 

address   name                    
-------   ----                    
00000000  IE1                     
00000002  IFG1                    
00000010  PAIN                    
00000010  PAIN_L                  
00000011  PAIN_H                  
00000012  PAOUT                   
00000012  PAOUT_L                 
00000013  PAOUT_H                 
00000014  PADIR                   
00000014  PADIR_L                 
00000015  PADIR_H                 
0000001a  PASEL0                  
0000001a  PASEL0_L                
0000001b  PASEL0_H                
0000001c  PASEL1                  
0000001c  PASEL1_L                
0000001d  PASEL1_H                
0000001e  P1IV                    
00000028  PAIES                   
00000028  PAIES_L                 
00000029  PAIES_H                 
0000002a  PAIE                    
0000002a  PAIE_L                  
0000002b  PAIE_H                  
0000002c  PAIFG                   
0000002c  PAIFG_L                 
0000002d  PAIFG_H                 
0000002e  P2IV                    
00000050  CSCTL0                  
00000050  __STACK_SIZE            
00000051  CSCTL1                  
00000052  CSIRFCAL                
00000053  CSIRTCAL                
00000054  CSERFCAL                
00000055  CSERTCAL                
00000060  LPM45CTL                
00000061  VMONCTL                 
00000062  REFCAL0                 
00000063  REFCAL1                 
000000b0  SD24INCTL0              
000000b1  SD24INCTL1              
000000b2  SD24INCTL2              
000000b3  SD24INCTL3              
000000b8  SD24PRE0                
000000b9  SD24PRE1                
000000ba  SD24PRE2                
000000bb  SD24PRE3                
000000bf  SD24TRIM                
00000100  SD24CTL                 
00000102  SD24CCTL0               
00000104  SD24CCTL1               
00000106  SD24CCTL2               
00000108  SD24CCTL3               
00000110  SD24MEM0                
00000112  SD24MEM1                
00000114  SD24MEM2                
00000116  SD24MEM3                
0000011e  TA1IV                   
00000120  WDTCTL                  
00000128  FCTL1                   
0000012a  FCTL2                   
0000012c  FCTL3                   
0000012e  TA0IV                   
00000130  MPY                     
00000132  MPYS                    
00000134  MAC                     
00000136  MACS                    
00000138  OP2                     
0000013a  RESLO                   
0000013c  RESHI                   
0000013e  SUMEXT                  
00000140  UCA0CTLW0               
00000140  UCA0CTLW0_L             
00000141  UCA0CTLW0_H             
00000142  UCA0CTLW1               
00000142  UCA0CTLW1_L             
00000143  UCA0CTLW1_H             
00000146  UCA0BRW                 
00000146  UCA0BRW_L               
00000147  UCA0BRW_H               
00000148  UCA0MCTLW               
00000148  UCA0MCTLW_L             
00000149  UCA0MCTLW_H             
0000014a  UCA0STATW               
0000014c  UCA0RXBUF               
0000014c  UCA0RXBUF_L             
0000014d  UCA0RXBUF_H             
0000014e  UCA0TXBUF               
0000014e  UCA0TXBUF_L             
0000014f  UCA0TXBUF_H             
00000150  UCA0ABCTL               
00000152  UCA0IRCTL               
00000152  UCA0IRCTL_L             
00000153  UCA0IRCTL_H             
0000015a  UCA0IE                  
0000015a  UCA0IE_L                
0000015b  UCA0IE_H                
0000015c  UCA0IFG                 
0000015c  UCA0IFG_L               
0000015d  UCA0IFG_H               
0000015e  UCA0IV                  
00000160  TA0CTL                  
00000162  TA0CCTL0                
00000164  TA0CCTL1                
00000166  TA0CCTL2                
00000170  TA0R                    
00000172  TA0CCR0                 
00000174  TA0CCR1                 
00000176  TA0CCR2                 
00000180  TA1CTL                  
00000182  TA1CCTL0                
00000184  TA1CCTL1                
00000186  TA1CCTL2                
00000190  TA1R                    
00000192  TA1CCR0                 
00000194  TA1CCR1                 
00000196  TA1CCR2                 
000001c0  UCB0CTLW0               
000001c0  UCB0CTLW0_L             
000001c1  UCB0CTLW0_H             
000001c2  UCB0CTLW1               
000001c2  UCB0CTLW1_L             
000001c3  UCB0CTLW1_H             
000001c6  UCB0BRW                 
000001c6  UCB0BRW_L               
000001c7  UCB0BRW_H               
000001c8  UCB0STATW               
000001c8  UCB0STATW_L             
000001c9  UCB0STATW_H             
000001ca  UCB0TBCNT               
000001ca  UCB0TBCNT_L             
000001cb  UCB0TBCNT_H             
000001cc  UCB0RXBUF               
000001cc  UCB0RXBUF_L             
000001cd  UCB0RXBUF_H             
000001ce  UCB0TXBUF               
000001ce  UCB0TXBUF_L             
000001cf  UCB0TXBUF_H             
000001d4  UCB0I2COA0              
000001d4  UCB0I2COA0_L            
000001d5  UCB0I2COA0_H            
000001d6  UCB0I2COA1              
000001d6  UCB0I2COA1_L            
000001d7  UCB0I2COA1_H            
000001d8  UCB0I2COA2              
000001d8  UCB0I2COA2_L            
000001d9  UCB0I2COA2_H            
000001da  UCB0I2COA3              
000001da  UCB0I2COA3_L            
000001db  UCB0I2COA3_H            
000001dc  UCB0ADDRX               
000001dc  UCB0ADDRX_L             
000001dd  UCB0ADDRX_H             
000001de  UCB0ADDMASK             
000001de  UCB0ADDMASK_L           
000001df  UCB0ADDMASK_H           
000001e0  UCB0I2CSA               
000001e0  UCB0I2CSA_L             
000001e1  UCB0I2CSA_H             
000001ea  UCB0IE                  
000001ea  UCB0IE_L                
000001eb  UCB0IE_H                
000001ec  UCB0IFG                 
000001ec  UCB0IFG_L               
000001ed  UCB0IFG_H               
000001ee  UCB0IV                  
000001f0  SD24IV                  
000001fe  SYSJTAGDIS              
00000200  TCouple                 
00000204  TIntern                 
000009b0  _stack                  
00000a00  __STACK_END             
00008000  __mspabi_subf           
00008006  __mspabi_addf           
00008130  ThermoCoupleTemperature 
000081c4  init_timer              
00008254  InternalTemperature     
000082dc  Timer_A0                
000083ba  _auto_init              
00008412  __mspabi_srli           
00008420  __mspabi_srli_15        
00008424  __mspabi_srli_14        
00008428  __mspabi_srli_13        
0000842c  __mspabi_srli_12        
00008430  __mspabi_srli_11        
00008434  __mspabi_srli_10        
00008438  __mspabi_srli_9         
0000843c  __mspabi_srli_8         
00008440  __mspabi_srli_7         
00008444  __mspabi_srli_6         
00008448  __mspabi_srli_5         
0000844c  __mspabi_srli_4         
00008450  __mspabi_srli_3         
00008454  __mspabi_srli_2         
00008458  __mspabi_srli_1         
0000845e  SD24AISR                
000084a2  init_adc                
000084e4  write_io                
00008524  init_spi                
00008554  spi_read                
00008584  main                    
000085a8  __mspabi_fltuf          
000085cc  task100ms               
000085e8  Timer_A1                
00008602  _c_int00_noargs_noexit  
0000861c  __TI_zero_init          
00008630  __TI_decompress_none    
00008642  memcpy                  
00008654  start_adc               
00008666  __mspabi_func_epilog_7  
00008668  __mspabi_func_epilog_6  
0000866a  __mspabi_func_epilog_5  
0000866c  __mspabi_func_epilog_4  
0000866e  __mspabi_func_epilog_3  
00008670  __mspabi_func_epilog_2  
00008672  __mspabi_func_epilog_1  
00008676  init_io                 
00008684  __TI_ISR_TRAP           
0000868a  __TI_decompress_rle24   
00008690  _system_pre_init        
00008694  C$$EXIT                 
00008694  abort                   
0000869e  __TI_Handler_Table_Base 
000086a4  __TI_Handler_Table_Limit
000086a8  __TI_CINIT_Base         
000086b0  __TI_CINIT_Limit        
0000ffe2  __TI_int01              
0000ffe8  __TI_int04              
0000ffea  __TI_int05              
0000ffec  __TI_int06              
0000ffee  __TI_int07              
0000fff0  __TI_int08              
0000fff2  __TI_int09              
0000fff4  __TI_int10              
0000fff6  __TI_int11              
0000fff8  __TI_int12              
0000fffa  __TI_int13              
0000fffc  __TI_int14              
0000fffe  _reset_vector           
ffffffff  __binit__               
ffffffff  __c_args__              
ffffffff  binit                   
UNDEFED   __TI_INITARRAY_Base     
UNDEFED   __TI_INITARRAY_Limit    

[244 symbols]
